# grub menu.lst for fai-cd

# Boot automatically after some secs.
# timeout 15

color light-gray/black light-gray/red
default 6

title |
root (cd)
title |
title +------------------------------------------------------+
root (cd)
title |    FAI-CD (c) 2006, Thomas Lange, lange@debian.org   |
root (cd)
title | _VERSIONSTRING_ |
root (cd)
title +------------------------------------------------------+
root (cd)
title |
root (cd)
title |

title Fully Automatic Installation - demohost (pw: installme)
password installme
#root (cd)
kernel /boot/vmlinuz root=/dev/ram0 init=/linuxrc FAI_FLAGS="verbose,createvt,syslogd" FAI_ACTION=install ip=192.168.1.250::::faiserver::off rw
initrd /boot/initrd.img

title Fully Automatic Installation with GNOME (pw: installme)
password installme
root (cd)
kernel /boot/vmlinuz root=/dev/ram0 init=/linuxrc FAI_FLAGS="verbose,createvt,syslogd" FAI_ACTION=install ip=192.168.1.1::::gnomehost::off rw
initrd /boot/initrd.img

title Fully Automatic Installation - faiserver (pw: installme)
password installme
#root (cd)
kernel /boot/vmlinuz root=/dev/ram0 init=/linuxrc FAI_FLAGS="verbose,createvt,syslogd" FAI_ACTION=install ip=192.168.1.250::192.168.1.254:255.255.255.0:faiserver::off rw
initrd /boot/initrd.img

title FAI rescue system, no installation
root (cd)
kernel /boot/vmlinuz root=/dev/ram0 init=/linuxrc FAI_FLAGS="verbose,syslogd,createvt" FAI_ACTION=sysinfo ip=192.168.1.1::::demohost::off rw
initrd /boot/initrd.img

#title Boot vmlinuz from hda1
#root (hd0,0)
#kernel /vmlinuz root=/dev/hda1
#initrd /initrd.img
