# grub menu.lst for fai-cd

# Boot automatically after some secs.
timeout 30

color light-gray/black light-gray/red
default 6

title |
root (cd)
title +------------------------------------------------------+
root (cd)
title |    FAI-CD (c) 2006, Thomas Lange, lange@debian.org   |
root (cd)
title | _VERSIONSTRING_ |
root (cd)
title +------------------------------------------------------+
root (cd)
title |
root (cd)
title |

title boot from local disk
rootnoverify (hd0)
chainloader +1

title Fully Automatic Installation - demohost (pw: installme)
password installme
#root (cd)
kernel /boot/vmlinuz root=/dev/ram0 init=/linuxrc FAI_FLAGS="verbose,createvt" FAI_ACTION=install ip=192.168.1.1::::demohost:eth0:off rw
initrd /boot/initrd.img

title Fully Automatic Installation with GNOME (pw: installme)
password installme
root (cd)
kernel /boot/vmlinuz root=/dev/ram0 init=/linuxrc FAI_FLAGS="verbose,createvt" FAI_ACTION=install ip=192.168.1.1::::gnomehost:eth0:off rw
initrd /boot/initrd.img

title Fully Automatic Installation - faiserver (pw: installme)
password installme
#root (cd)
kernel /boot/vmlinuz root=/dev/ram0 init=/linuxrc FAI_FLAGS="verbose,createvt" FAI_ACTION=install ip=192.168.1.250::192.168.1.254:255.255.255.0:faiserver:xxx:off rw
initrd /boot/initrd.img

title FAI rescue system, no installation
root (cd)
kernel /boot/vmlinuz root=/dev/ram0 init=/linuxrc FAI_FLAGS="verbose,createvt" FAI_ACTION=sysinfo ip=192.168.1.1::::demohost:eth0:off rw
initrd /boot/initrd.img
